// Jest Snapshot v1, https://goo.gl/fbAQLP

exports[`Counter Componet Debe hacer match con el snapshot 1`] = `[Function]`;
